Hello from Desi!
Second line